{"json":{"version":"1.0","encoding":"utf-8"},"ns":{"flow":"http://www.obeo.fr/dsl/designer/sample/flow"},"content":[{"id":"c7fb6833-1452-49bb-aa54-5d148925c2cb","eClass":"flow:System","data":{"consumption":500,"name":"Robot","elements":[{"id":"031e998a-26b8-4eb0-9f62-d31ad2f96ca3","eClass":"flow:CompositeProcessor","data":{"consumption":200,"usage":"standard","name":"Central_Unit","elements":[{"id":"e33e0e1e-c81c-4015-8c20-762144f47f99","eClass":"flow:Processor","data":{"usage":"standard","incomingFlows":["//@elements.2/@outgoingFlows.0"],"capacity":4,"load":4,"outgoingFlows":[{"id":"00bffa88-275e-4964-8b19-b72172da92a1","eClass":"flow:DataFlow","data":{"usage":"standard","load":4,"target":"//@elements.0/@elements.1"}}],"consumption":40,"name":"DSP","volume":4}},{"id":"df49af3e-0c3e-48ae-87c0-b2aad7f1021f","eClass":"flow:Processor","data":{"usage":"high","incomingFlows":["//@elements.1/@elements.0/@outgoingFlows.0","//@elements.1/@elements.4/@outgoingFlows.0","//@elements.0/@elements.0/@outgoingFlows.0"],"capacity":15,"load":18,"consumption":150,"name":"Motion_Engine","volume":18}},{"id":"1e941b46-a825-4372-af65-ee3e4e19a9d9","eClass":"flow:Fan","data":{"consumption":10}}],"temperature":25,"weight":23,"routingRules":"Case Robot.temperature >= 70 °C:\n  /!\\ critical /!\\;\n"}},{"id":"ca0f0891-454d-4ea6-b89f-dfef771a29fc","eClass":"flow:CompositeProcessor","data":{"consumption":300,"usage":"standard","name":"CaptureSubSystem","elements":[{"id":"2cb11d88-fc59-496a-a78e-8e42983fccf2","eClass":"flow:Processor","data":{"usage":"standard","incomingFlows":["//@elements.1/@elements.2/@outgoingFlows.0"],"load":8,"outgoingFlows":[{"id":"9b37c4f8-aee5-4f6e-965e-a2ebb81bbfdd","eClass":"flow:DataFlow","data":{"usage":"high","capacity":6,"load":8,"target":"//@elements.0/@elements.1"}},{"id":"bf7f772e-efb8-4a34-adca-46e80bcef3c2","eClass":"flow:DataFlow","data":{"usage":"high","capacity":6,"load":8,"target":"//@elements.1/@elements.3"}}],"consumption":100,"name":"Radar_Capture","volume":8}},{"id":"fc6aa8cd-f7b3-4bdb-bf35-4f9aecb5e1b3","eClass":"flow:DataSource","data":{"usage":"standard","outgoingFlows":[{"id":"d0adc97d-37e8-4684-a49c-87fe16257b8d","eClass":"flow:DataFlow","data":{"usage":"standard","capacity":6,"load":6,"target":"//@elements.1/@elements.4"}}],"name":"Back_Camera","volume":6}},{"id":"f238e8eb-235a-4b9e-9881-fc6dab19c09b","eClass":"flow:DataSource","data":{"outgoingFlows":[{"id":"b570135e-0b3c-4561-93ee-1eb69f4a1b8a","eClass":"flow:DataFlow","data":{"usage":"high","capacity":6,"load":8,"target":"//@elements.1/@elements.0"}}],"name":"Radar","volume":8}},{"id":"f039ac74-f1f5-425f-a96e-d12879b27b33","eClass":"flow:Processor","data":{"usage":"standard","incomingFlows":["//@elements.1/@elements.0/@outgoingFlows.1"],"load":8,"consumption":100,"name":"Engine","volume":8}},{"id":"ec5cb0b2-a37e-4cf8-b9ad-0c1e0df29751","eClass":"flow:Processor","data":{"usage":"standard","incomingFlows":["//@elements.1/@elements.1/@outgoingFlows.0"],"load":6,"outgoingFlows":[{"id":"a208b36e-4bf6-4eb8-98cc-6388873e1076","eClass":"flow:DataFlow","data":{"usage":"standard","load":6,"target":"//@elements.0/@elements.1"}}],"consumption":100,"name":"GPU","volume":6}},{"id":"cae4de48-508e-477b-bac6-fd65a00e7c45","eClass":"flow:Fan","data":{"speed":20}}],"temperature":28,"weight":33,"routingRules":" Case  CaptureSubSystem.temperature > 70 °C:\n /!\\ critical  /!\\;\n \n"}},{"id":"e90eb920-ed76-457d-84d0-ef067f49cac9","eClass":"flow:DataSource","data":{"usage":"standard","outgoingFlows":[{"id":"69993259-6ad3-45b0-9792-1c06847482cf","eClass":"flow:DataFlow","data":{"usage":"standard","capacity":4,"load":4,"target":"//@elements.0/@elements.0"}}],"name":"Wifi","volume":4}}],"temperature":50,"routingRules":""}}]}