{"manifestVersion":"1.0","siriusWebVersion":"0.1.0-SNAPSHOT","metamodels":["http://www.obeo.fr/dsl/designer/sample/flow","http://www.eclipse.org/emf/2002/Ecore"],"documentIdsToName":{"41f1f42f-2b3c-4226-b3f5-3befe064f38c":"flow"},"representations":{"000bb5e0-7708-47de-a02f-2557a6deb6c2":{"type":"Diagram","descriptionURI":"flow.odesign#//@ownedViewpoints[name='Exchanges']/@ownedRepresentations[name='Topography']","targetObjectURI":""}}}