{"id":"000bb5e0-7708-47de-a02f-2557a6deb6c2","projectId":"631fcb2d-3463-4084-b5da-fd8022ebae53","targetObjectId":"41f1f42f-2b3c-4226-b3f5-3befe064f38c#/","label":"Topography","representation":{"id":"000bb5e0-7708-47de-a02f-2557a6deb6c2","targetObjectId":"41f1f42f-2b3c-4226-b3f5-3befe064f38c#_74gncLTZEeeolunnT_MYFg","descriptionId":"54356295-8d4a-4eae-a818-b964eb5f1ccb","label":"LABEL","position":{"x":-1.0,"y":-1.0},"size":{"width":-1.0,"height":-1.0},"nodes":[{"id":"9a1faa75-11f7-4727-bef8-07b38610d225","type":"node:image","targetObjectId":"41f1f42f-2b3c-4226-b3f5-3befe064f38c#_74muFbTZEeeolunnT_MYFg","targetObjectKind":null,"targetObjectLabel":null,"descriptionId":"1fec84aa-feaa-42ab-9fc8-97c705713510","borderNode":false,"label":{"id":"41f1f42f-2b3c-4226-b3f5-3befe064f38c#_74muFbTZEeeolunnT_MYFg_label","type":"label:inside-center","text":"Wifi : 4","position":{"x":-1.0,"y":-1.0},"size":{"width":-1.0,"height":-1.0},"alignment":{"x":-1.0,"y":-1.0},"style":{"color":"#002b3c","fontSize":8,"bold":false,"italic":false,"underline":false,"strikeThrough":false,"iconURL":null}},"style":{"imageURL":"https://localhost:8080/images/antenna.svg","scalingFactor":4},"position":{"x":-1.0,"y":-1.0},"size":{"width":-1.0,"height":-1.0},"borderNodes":[],"childNodes":[]},{"id":"b10dca40-a78a-4187-a6e6-d2f20f4a5b60","type":"node:rectangle","targetObjectId":"41f1f42f-2b3c-4226-b3f5-3befe064f38c#_74hOgLTZEeeolunnT_MYFg","targetObjectKind":null,"targetObjectLabel":null,"descriptionId":"d218a66e-3170-4595-8e59-79df40104c4b","borderNode":false,"label":{"id":"41f1f42f-2b3c-4226-b3f5-3befe064f38c#_74hOgLTZEeeolunnT_MYFg_label","type":"label:inside-center","text":"Central_Unit (25°C)","position":{"x":-1.0,"y":-1.0},"size":{"width":-1.0,"height":-1.0},"alignment":{"x":-1.0,"y":-1.0},"style":{"color":"#002b3c","fontSize":10,"bold":true,"italic":false,"underline":false,"strikeThrough":false,"iconURL":null}},"style":{"color":"#f0f0f0","borderColor":"#b1bcbe","borderSize":1,"borderStyle":"Solid"},"position":{"x":-1.0,"y":-1.0},"size":{"width":-1.0,"height":-1.0},"borderNodes":[{"id":"0a49545a-a129-4420-aedb-20062a65e3d3","type":"node:image","targetObjectId":"41f1f42f-2b3c-4226-b3f5-3befe064f38c#_74k44bTZEeeolunnT_MYFg","targetObjectKind":null,"targetObjectLabel":null,"descriptionId":"f02679f8-1168-4dd9-90f3-be814eb4586e","borderNode":false,"label":{"id":"41f1f42f-2b3c-4226-b3f5-3befe064f38c#_74k44bTZEeeolunnT_MYFg_label","type":"label:inside-center","text":"","position":{"x":-1.0,"y":-1.0},"size":{"width":-1.0,"height":-1.0},"alignment":{"x":-1.0,"y":-1.0},"style":{"color":"#000000","fontSize":12,"bold":false,"italic":false,"underline":false,"strikeThrough":false,"iconURL":null}},"style":{"imageURL":"https://localhost:8080/images/power_output.svg","scalingFactor":3},"position":{"x":-1.0,"y":-1.0},"size":{"width":-1.0,"height":-1.0},"borderNodes":[],"childNodes":[]}],"childNodes":[{"id":"eb3cec29-b42f-41c0-8b03-30beba349a15","type":"node:image","targetObjectId":"41f1f42f-2b3c-4226-b3f5-3befe064f38c#_74icoLTZEeeolunnT_MYFg","targetObjectKind":null,"targetObjectLabel":null,"descriptionId":"5e58a130-1d3f-4cfc-a7b3-899a945d6983","borderNode":false,"label":{"id":"41f1f42f-2b3c-4226-b3f5-3befe064f38c#_74icoLTZEeeolunnT_MYFg_label","type":"label:inside-center","text":"DSP","position":{"x":-1.0,"y":-1.0},"size":{"width":-1.0,"height":-1.0},"alignment":{"x":-1.0,"y":-1.0},"style":{"color":"#000000","fontSize":8,"bold":false,"italic":false,"underline":false,"strikeThrough":false,"iconURL":null}},"style":{"imageURL":"https://localhost:8080/images/chipset_standard.svg","scalingFactor":4},"position":{"x":-1.0,"y":-1.0},"size":{"width":-1.0,"height":-1.0},"borderNodes":[],"childNodes":[]},{"id":"4700b758-801f-48f6-aa90-9f50a7040bab","type":"node:image","targetObjectId":"41f1f42f-2b3c-4226-b3f5-3befe064f38c#_74kR0LTZEeeolunnT_MYFg","targetObjectKind":null,"targetObjectLabel":null,"descriptionId":"5e58a130-1d3f-4cfc-a7b3-899a945d6983","borderNode":false,"label":{"id":"41f1f42f-2b3c-4226-b3f5-3befe064f38c#_74kR0LTZEeeolunnT_MYFg_label","type":"label:inside-center","text":"Motion_Engine","position":{"x":-1.0,"y":-1.0},"size":{"width":-1.0,"height":-1.0},"alignment":{"x":-1.0,"y":-1.0},"style":{"color":"#000000","fontSize":8,"bold":false,"italic":false,"underline":false,"strikeThrough":false,"iconURL":null}},"style":{"imageURL":"https://localhost:8080/images/chipset2_high.svg","scalingFactor":7},"position":{"x":-1.0,"y":-1.0},"size":{"width":-1.0,"height":-1.0},"borderNodes":[],"childNodes":[]},{"id":"f4e837e5-6ae3-4452-8c5a-97a7295c5e8b","type":"node:image","targetObjectId":"41f1f42f-2b3c-4226-b3f5-3befe064f38c#_74k44LTZEeeolunnT_MYFg","targetObjectKind":null,"targetObjectLabel":null,"descriptionId":"27ca00f1-d4e2-4b90-ab9b-ca6584746441","borderNode":false,"label":{"id":"41f1f42f-2b3c-4226-b3f5-3befe064f38c#_74k44LTZEeeolunnT_MYFg_label","type":"label:inside-center","text":"100","position":{"x":-1.0,"y":-1.0},"size":{"width":-1.0,"height":-1.0},"alignment":{"x":-1.0,"y":-1.0},"style":{"color":"#000000","fontSize":8,"bold":false,"italic":false,"underline":false,"strikeThrough":false,"iconURL":null}},"style":{"imageURL":"https://localhost:8080/images/fan.svg","scalingFactor":3},"position":{"x":-1.0,"y":-1.0},"size":{"width":-1.0,"height":-1.0},"borderNodes":[],"childNodes":[]}]},{"id":"fba8ca6f-5170-43c4-88dc-6c70a2a121b3","type":"node:rectangle","targetObjectId":"41f1f42f-2b3c-4226-b3f5-3befe064f38c#_74lf8bTZEeeolunnT_MYFg","targetObjectKind":null,"targetObjectLabel":null,"descriptionId":"d218a66e-3170-4595-8e59-79df40104c4b","borderNode":false,"label":{"id":"41f1f42f-2b3c-4226-b3f5-3befe064f38c#_74lf8bTZEeeolunnT_MYFg_label","type":"label:inside-center","text":"CaptureSubSystem (28°C)","position":{"x":-1.0,"y":-1.0},"size":{"width":-1.0,"height":-1.0},"alignment":{"x":-1.0,"y":-1.0},"style":{"color":"#002b3c","fontSize":10,"bold":true,"italic":false,"underline":false,"strikeThrough":false,"iconURL":null}},"style":{"color":"#f0f0f0","borderColor":"#b1bcbe","borderSize":1,"borderStyle":"Solid"},"position":{"x":-1.0,"y":-1.0},"size":{"width":-1.0,"height":-1.0},"borderNodes":[{"id":"c2686c3a-5f31-4d1b-b4ce-5961972a2f32","type":"node:image","targetObjectId":"41f1f42f-2b3c-4226-b3f5-3befe064f38c#_74muFLTZEeeolunnT_MYFg","targetObjectKind":null,"targetObjectLabel":null,"descriptionId":"86548f5c-56e7-4439-a14f-4f347c4d6338","borderNode":false,"label":{"id":"41f1f42f-2b3c-4226-b3f5-3befe064f38c#_74muFLTZEeeolunnT_MYFg_label","type":"label:inside-center","text":"","position":{"x":-1.0,"y":-1.0},"size":{"width":-1.0,"height":-1.0},"alignment":{"x":-1.0,"y":-1.0},"style":{"color":"#000000","fontSize":12,"bold":false,"italic":false,"underline":false,"strikeThrough":false,"iconURL":null}},"style":{"imageURL":"https://localhost:8080/images/power_input.svg","scalingFactor":3},"position":{"x":-1.0,"y":-1.0},"size":{"width":-1.0,"height":-1.0},"borderNodes":[],"childNodes":[]}],"childNodes":[{"id":"15a07ebc-7715-4b75-b66a-65a48f56b9cc","type":"node:image","targetObjectId":"41f1f42f-2b3c-4226-b3f5-3befe064f38c#_74lf8rTZEeeolunnT_MYFg","targetObjectKind":null,"targetObjectLabel":null,"descriptionId":"5e58a130-1d3f-4cfc-a7b3-899a945d6983","borderNode":false,"label":{"id":"41f1f42f-2b3c-4226-b3f5-3befe064f38c#_74lf8rTZEeeolunnT_MYFg_label","type":"label:inside-center","text":"Radar_Capture","position":{"x":-1.0,"y":-1.0},"size":{"width":-1.0,"height":-1.0},"alignment":{"x":-1.0,"y":-1.0},"style":{"color":"#000000","fontSize":8,"bold":false,"italic":false,"underline":false,"strikeThrough":false,"iconURL":null}},"style":{"imageURL":"https://localhost:8080/images/cpu_standard.svg","scalingFactor":6},"position":{"x":-1.0,"y":-1.0},"size":{"width":-1.0,"height":-1.0},"borderNodes":[],"childNodes":[]},{"id":"cd1e20a4-bc45-4dd3-bbf1-9a98349e5087","type":"node:image","targetObjectId":"41f1f42f-2b3c-4226-b3f5-3befe064f38c#_74muELTZEeeolunnT_MYFg","targetObjectKind":null,"targetObjectLabel":null,"descriptionId":"5e58a130-1d3f-4cfc-a7b3-899a945d6983","borderNode":false,"label":{"id":"41f1f42f-2b3c-4226-b3f5-3befe064f38c#_74muELTZEeeolunnT_MYFg_label","type":"label:inside-center","text":"Engine","position":{"x":-1.0,"y":-1.0},"size":{"width":-1.0,"height":-1.0},"alignment":{"x":-1.0,"y":-1.0},"style":{"color":"#000000","fontSize":8,"bold":false,"italic":false,"underline":false,"strikeThrough":false,"iconURL":null}},"style":{"imageURL":"https://localhost:8080/images/chipset2_standard.svg","scalingFactor":6},"position":{"x":-1.0,"y":-1.0},"size":{"width":-1.0,"height":-1.0},"borderNodes":[],"childNodes":[]},{"id":"a278e036-97e3-4530-a9b7-a6c68fbbbb4a","type":"node:image","targetObjectId":"41f1f42f-2b3c-4226-b3f5-3befe064f38c#_74muEbTZEeeolunnT_MYFg","targetObjectKind":null,"targetObjectLabel":null,"descriptionId":"5e58a130-1d3f-4cfc-a7b3-899a945d6983","borderNode":false,"label":{"id":"41f1f42f-2b3c-4226-b3f5-3befe064f38c#_74muEbTZEeeolunnT_MYFg_label","type":"label:inside-center","text":"GPU","position":{"x":-1.0,"y":-1.0},"size":{"width":-1.0,"height":-1.0},"alignment":{"x":-1.0,"y":-1.0},"style":{"color":"#000000","fontSize":8,"bold":false,"italic":false,"underline":false,"strikeThrough":false,"iconURL":null}},"style":{"imageURL":"https://localhost:8080/images/cpu_standard.svg","scalingFactor":6},"position":{"x":-1.0,"y":-1.0},"size":{"width":-1.0,"height":-1.0},"borderNodes":[],"childNodes":[]},{"id":"dafb8345-b496-4ecd-8b0d-6bd8a4b5f479","type":"node:image","targetObjectId":"41f1f42f-2b3c-4226-b3f5-3befe064f38c#_74mHALTZEeeolunnT_MYFg","targetObjectKind":null,"targetObjectLabel":null,"descriptionId":"0adb1b51-5bad-4b32-b285-016924846f46","borderNode":false,"label":{"id":"41f1f42f-2b3c-4226-b3f5-3befe064f38c#_74mHALTZEeeolunnT_MYFg_label","type":"label:inside-center","text":"Back_Camera: 6","position":{"x":-1.0,"y":-1.0},"size":{"width":-1.0,"height":-1.0},"alignment":{"x":-1.0,"y":-1.0},"style":{"color":"#002b3c","fontSize":8,"bold":false,"italic":false,"underline":false,"strikeThrough":false,"iconURL":null}},"style":{"imageURL":"https://localhost:8080/images/camera.svg","scalingFactor":6},"position":{"x":-1.0,"y":-1.0},"size":{"width":-1.0,"height":-1.0},"borderNodes":[],"childNodes":[]},{"id":"fc39a3ba-79b8-4d3a-a264-fef1c1a8d115","type":"node:image","targetObjectId":"41f1f42f-2b3c-4226-b3f5-3befe064f38c#_74mHArTZEeeolunnT_MYFg","targetObjectKind":null,"targetObjectLabel":null,"descriptionId":"0adb1b51-5bad-4b32-b285-016924846f46","borderNode":false,"label":{"id":"41f1f42f-2b3c-4226-b3f5-3befe064f38c#_74mHArTZEeeolunnT_MYFg_label","type":"label:inside-center","text":"Radar: 8","position":{"x":-1.0,"y":-1.0},"size":{"width":-1.0,"height":-1.0},"alignment":{"x":-1.0,"y":-1.0},"style":{"color":"#002b3c","fontSize":8,"bold":false,"italic":false,"underline":false,"strikeThrough":false,"iconURL":null}},"style":{"imageURL":"https://localhost:8080/images/radar.svg","scalingFactor":8},"position":{"x":-1.0,"y":-1.0},"size":{"width":-1.0,"height":-1.0},"borderNodes":[],"childNodes":[]},{"id":"9d5fd200-b013-4262-987f-465601bf6fdc","type":"node:image","targetObjectId":"41f1f42f-2b3c-4226-b3f5-3befe064f38c#_74muE7TZEeeolunnT_MYFg","targetObjectKind":null,"targetObjectLabel":null,"descriptionId":"27ca00f1-d4e2-4b90-ab9b-ca6584746441","borderNode":false,"label":{"id":"41f1f42f-2b3c-4226-b3f5-3befe064f38c#_74muE7TZEeeolunnT_MYFg_label","type":"label:inside-center","text":"20","position":{"x":-1.0,"y":-1.0},"size":{"width":-1.0,"height":-1.0},"alignment":{"x":-1.0,"y":-1.0},"style":{"color":"#000000","fontSize":8,"bold":false,"italic":false,"underline":false,"strikeThrough":false,"iconURL":null}},"style":{"imageURL":"https://localhost:8080/images/fan.svg","scalingFactor":0},"position":{"x":-1.0,"y":-1.0},"size":{"width":-1.0,"height":-1.0},"borderNodes":[],"childNodes":[]}]}],"edges":[{"id":"dafb8345-b496-4ecd-8b0d-6bd8a4b5f479 --> a278e036-97e3-4530-a9b7-a6c68fbbbb4a","type":"edge:straight","targetObjectId":"41f1f42f-2b3c-4226-b3f5-3befe064f38c#_74mHAbTZEeeolunnT_MYFg","targetObjectKind":null,"targetObjectLabel":null,"descriptionId":"1e7909a7-dd4c-479a-94c2-cab0f6ff5a12","beginLabel":null,"centerLabel":null,"endLabel":null,"sourceId":"dafb8345-b496-4ecd-8b0d-6bd8a4b5f479","targetId":"a278e036-97e3-4530-a9b7-a6c68fbbbb4a","style":{"size":1,"lineStyle":"Dash","sourceArrow":"None","targetArrow":"None","color":"#b1bcbe"},"routingPoints":[]},{"id":"fc39a3ba-79b8-4d3a-a264-fef1c1a8d115 --> 15a07ebc-7715-4b75-b66a-65a48f56b9cc","type":"edge:straight","targetObjectId":"41f1f42f-2b3c-4226-b3f5-3befe064f38c#_74mHA7TZEeeolunnT_MYFg","targetObjectKind":null,"targetObjectLabel":null,"descriptionId":"1e7909a7-dd4c-479a-94c2-cab0f6ff5a12","beginLabel":null,"centerLabel":null,"endLabel":null,"sourceId":"fc39a3ba-79b8-4d3a-a264-fef1c1a8d115","targetId":"15a07ebc-7715-4b75-b66a-65a48f56b9cc","style":{"size":1,"lineStyle":"Dash","sourceArrow":"None","targetArrow":"None","color":"#b1bcbe"},"routingPoints":[]},{"id":"9a1faa75-11f7-4727-bef8-07b38610d225 --> eb3cec29-b42f-41c0-8b03-30beba349a15","type":"edge:straight","targetObjectId":"41f1f42f-2b3c-4226-b3f5-3befe064f38c#_74muFrTZEeeolunnT_MYFg","targetObjectKind":null,"targetObjectLabel":null,"descriptionId":"1e7909a7-dd4c-479a-94c2-cab0f6ff5a12","beginLabel":null,"centerLabel":null,"endLabel":null,"sourceId":"9a1faa75-11f7-4727-bef8-07b38610d225","targetId":"eb3cec29-b42f-41c0-8b03-30beba349a15","style":{"size":1,"lineStyle":"Dash","sourceArrow":"None","targetArrow":"None","color":"#b1bcbe"},"routingPoints":[]},{"id":"eb3cec29-b42f-41c0-8b03-30beba349a15 --> 4700b758-801f-48f6-aa90-9f50a7040bab","type":"edge:straight","targetObjectId":"41f1f42f-2b3c-4226-b3f5-3befe064f38c#_74jDsLTZEeeolunnT_MYFg","targetObjectKind":null,"targetObjectLabel":null,"descriptionId":"0ebb6379-42dd-40dd-8d6e-a7a88ce4f5e9","beginLabel":null,"centerLabel":null,"endLabel":null,"sourceId":"eb3cec29-b42f-41c0-8b03-30beba349a15","targetId":"4700b758-801f-48f6-aa90-9f50a7040bab","style":{"size":1,"lineStyle":"Solid","sourceArrow":"None","targetArrow":"None","color":"#b1bcbe"},"routingPoints":[]},{"id":"15a07ebc-7715-4b75-b66a-65a48f56b9cc --> 4700b758-801f-48f6-aa90-9f50a7040bab","type":"edge:straight","targetObjectId":"41f1f42f-2b3c-4226-b3f5-3befe064f38c#_74lf87TZEeeolunnT_MYFg","targetObjectKind":null,"targetObjectLabel":null,"descriptionId":"0ebb6379-42dd-40dd-8d6e-a7a88ce4f5e9","beginLabel":null,"centerLabel":null,"endLabel":null,"sourceId":"15a07ebc-7715-4b75-b66a-65a48f56b9cc","targetId":"4700b758-801f-48f6-aa90-9f50a7040bab","style":{"size":1,"lineStyle":"Solid","sourceArrow":"None","targetArrow":"None","color":"#b1bcbe"},"routingPoints":[]},{"id":"15a07ebc-7715-4b75-b66a-65a48f56b9cc --> cd1e20a4-bc45-4dd3-bbf1-9a98349e5087","type":"edge:straight","targetObjectId":"41f1f42f-2b3c-4226-b3f5-3befe064f38c#_74lf9LTZEeeolunnT_MYFg","targetObjectKind":null,"targetObjectLabel":null,"descriptionId":"0ebb6379-42dd-40dd-8d6e-a7a88ce4f5e9","beginLabel":null,"centerLabel":null,"endLabel":null,"sourceId":"15a07ebc-7715-4b75-b66a-65a48f56b9cc","targetId":"cd1e20a4-bc45-4dd3-bbf1-9a98349e5087","style":{"size":1,"lineStyle":"Solid","sourceArrow":"None","targetArrow":"None","color":"#b1bcbe"},"routingPoints":[]},{"id":"a278e036-97e3-4530-a9b7-a6c68fbbbb4a --> 4700b758-801f-48f6-aa90-9f50a7040bab","type":"edge:straight","targetObjectId":"41f1f42f-2b3c-4226-b3f5-3befe064f38c#_74muErTZEeeolunnT_MYFg","targetObjectKind":null,"targetObjectLabel":null,"descriptionId":"0ebb6379-42dd-40dd-8d6e-a7a88ce4f5e9","beginLabel":null,"centerLabel":null,"endLabel":null,"sourceId":"a278e036-97e3-4530-a9b7-a6c68fbbbb4a","targetId":"4700b758-801f-48f6-aa90-9f50a7040bab","style":{"size":1,"lineStyle":"Solid","sourceArrow":"None","targetArrow":"None","color":"#b1bcbe"},"routingPoints":[]},{"id":"0a49545a-a129-4420-aedb-20062a65e3d3 --> c2686c3a-5f31-4d1b-b4ce-5961972a2f32","type":"edge:straight","targetObjectId":"41f1f42f-2b3c-4226-b3f5-3befe064f38c#_74k44bTZEeeolunnT_MYFg","targetObjectKind":null,"targetObjectLabel":null,"descriptionId":"fa98d7ab-2856-460e-bc4e-b29928686374","beginLabel":null,"centerLabel":null,"endLabel":null,"sourceId":"0a49545a-a129-4420-aedb-20062a65e3d3","targetId":"c2686c3a-5f31-4d1b-b4ce-5961972a2f32","style":{"size":1,"lineStyle":"Dash","sourceArrow":"None","targetArrow":"None","color":"#002b3c"},"routingPoints":[]}]}}